Turbo Assembler	 Version 3.2	    03/18/24 20:00:14	    Page 1
PINTAP~1.ASM



      1	0000			     .MODEL SMALL ;reserva 64kposiciones de memoria para datos y 64kposiciones para codigo
      2	0000			     .DATA
      3	0000  30 31 32 33 34 35	36+		     CADENA DB '0123456789*'
      4	      37 38 39 2A
      5	000B			     .CODE
      6	0000  B8 0000s			     MOV AX, SEG CADENA
      7	0003  8E D8			     MOV DS, AX	;Inicializamos el segmento de DATOS con	el registro DataSegment
      8	0005  BB B800			     MOV BX,0B800H
      9	0008  8E C3			     MOV ES,BX ;Accedemos a la zona de memoria en modo texto
     10	000A  B0 03			     MOV AL,03H
     11	000C  B4 00			     MOV AH,0
     12	000E  CD 10			     INT 10H ;Esta interrupcion	permite	que este en modo texto
     13	0010				     volver:
     14	0010  8A 85 0000r		     MOV AL,CADENA[DI]
     15	0014  26: 88 04			     MOV ES:[SI],AL ;Movemos el	caracter correspondiente en cadena al segmento extra
     16	0017  B4 79			     MOV AH,01111001b
     17	0019  26: 88 64	01		     MOV ES:[SI+1],AH
     18	001D  83 C6 02			     ADD SI,2
     19	0020  47			     INC DI
     20	0021  80 BD 0000r 2A		     CMP CADENA[DI],'*'
     21	0026  75 E8			     JNE volver
     22
     23	0028  B4 00			     MOV AH,0
     24	002A  CD 16			     INT 16H ;Esta interrupcion	espera hasta que introduzcamos un caracter ("pause")
     25
     26	002C  B4 4C			     MOV AH,4CH
     27	002E  CD 21			     INT 21H ;interrupcion para	salir del programa
     28				     END
Turbo Assembler	 Version 3.2	    03/18/24 20:00:14	    Page 2
Symbol Table




Symbol Name			  Type	 Value

??DATE				  Text	 "03/18/24"
??FILENAME			  Text	 "PINTAP~1"
??TIME				  Text	 "20:00:14"
??VERSION			  Number 0314
@32BIT				  Text	 0
@CODE				  Text	 _TEXT
@CODESIZE			  Text	 0
@CPU				  Text	 0101H
@CURSEG				  Text	 _TEXT
@DATA				  Text	 DGROUP
@DATASIZE			  Text	 0
@FILENAME			  Text	 PINTAP~1
@INTERFACE			  Text	 00H
@MODEL				  Text	 2
@STACK				  Text	 DGROUP
@WORDSIZE			  Text	 2
CADENA				  Byte	 DGROUP:0000
VOLVER				  Near	 _TEXT:0010

Groups & Segments		  Bit Size Align  Combine Class

DGROUP				  Group
  _DATA				  16  000B Word	  Public  DATA
_TEXT				  16  0030 Word	  Public  CODE
